[www.omnigeometry.com/index.html]
[backblue.gif]
[fade.gif]
[index.html]
[www.omnigeometry.com/wp-content/uploads/2018/05/OmniGeometry-Logo-BW.webp]
[www.omnigeometry.com/wp-includes/js/jquery/jquery.min.3af6c.delayed]
[www.omnigeometry.com/feed/index.html]
[www.omnigeometry.com/comments/feed/index.html]
[www.omnigeometry.com/wp-includes/js/jquery/jquery-migrate.mind617.js]
[www.omnigeometry.com/wp-content/plugins/op-dashboard/public/assets/js/tracking2ae4.js]
[www.omnigeometry.com/wp-json/index.html]
[www.omnigeometry.com/wp-json/wp/v2/pages/3376.json]
[www.omnigeometry.com/xmlrpc0db0.php]
[www.omnigeometry.com/wp-json/oembed/1.0/embed57bb.json]
[www.omnigeometry.com/wp-json/oembed/1.0/embedf7bb]
[www.omnigeometry.com/wp-content/uploads/2016/10/ms-icon-310x310-150x150-1.jpg]
[www.omnigeometry.com/wp-content/uploads/2016/10/ms-icon-310x310-300x300-1.jpg]
[www.omnigeometry.com/wp-content/uploads/2018/05/OmniGeometry-Logo-BW.png]
[www.omnigeometry.com/wp-content/uploads/2021/07/pro_combination_02_1280x.jpg]
[www.omnigeometry.com/wp-content/uploads/2021/08/Screenshot-2021-08-23-at-16.43.06.png]
[www.omnigeometry.com/wp-content/uploads/2021/07/FlowerOfLife_editor-1024x800.png]
[www.omnigeometry.com/wp-content/uploads/2021/07/BlenderVector_1280x.jpg]
[www.omnigeometry.com/index5cb5.html]
[www.omnigeometry.com/wp-content/uploads/2022/07/TriskeleTraces_Screenshot.png]
[www.omnigeometry.com/blog/index.html]
[www.omnigeometry.com/wp-content/uploads/2022/06/IMAGE-2022-06-27-090741.jpg]
[www.omnigeometry.com/about-us/index.html]
[www.omnigeometry.com/wp-content/uploads/2022/06/IMAGE-2022-06-27-090741-1024x907.jpg]
[www.omnigeometry.com/wp-content/uploads/2022/06/IMAGE-2022-06-27-094135.jpg]
[www.omnigeometry.com/contact-us/index.html]
[www.omnigeometry.com/wp-content/uploads/2022/06/IMAGE-2022-06-27-094135-819x1024.jpg]
[www.omnigeometry.com/wp-content/uploads/2018/06/Dillon-Forte-Sri-Yantra-Tattoo-OmniGeometry.jpg]
[www.omnigeometry.com/wp-content/uploads/2020/10/Screenshot-2020-10-07-at-10.13.33.jpg]
[www.omnigeometry.com/wp-content/uploads/2017/03/Levels-of-Recursion-for-Geokone.jpg]
[www.omnigeometry.com/wp-content/uploads/2017/03/Levels-of-Recursion-for-Geokone-1024x818-1.jpg]
[www.omnigeometry.com/tutorials/index.html]
[www.omnigeometry.com/wp-content/uploads/2022/06/IMAGE-2022-06-20-101623.jpg]
[www.omnigeometry.com/wp-content/uploads/2022/06/IMAGE-2022-06-20-101623-1024x922.jpg]
[www.omnigeometry.com/wp-content/uploads/2019/02/381120_202804486464044_1403284499_n.jpg]
[www.omnigeometry.com/wp-content/uploads/2017/05/1602187_680346348709853_8691265781629145367_o.jpg]
[www.omnigeometry.com/members-login/index.html]
[www.omnigeometry.com/wp-content/uploads/2017/05/1602187_680346348709853_8691265781629145367_o-1024x819.jpg]
[www.omnigeometry.com/wp-content/uploads/2018/11/dab43401-630a-4fc4-937c-abf96bd2d491.jpg]
[www.omnigeometry.com/wp-content/uploads/2018/11/dab43401-630a-4fc4-937c-abf96bd2d491-300x198.jpg]
[www.omnigeometry.com/wp-content/uploads/2021/08/Screenshot-2021-08-23-at-16.43.06-1024x679.png]
[www.omnigeometry.com/wp-content/uploads/2021/07/OrbMandala_139_screenshot-1.png]
[www.omnigeometry.com/wp-content/uploads/2021/04/IG_Glyph_Fill.png]
[www.omnigeometry.com/wp-content/uploads/2021/04/facebook1-150x150.png]
[www.omnigeometry.com/omnigeometry-online-version-checkout/index.html]
[www.omnigeometry.com/wp-content/plugins/op-builder/public/assets/cache/page-3376.nodelay70ba.js]
[www.omnigeometry.com/omnigeometry-trial-version/index.html]
[www.omnigeometry.com/wp-content/plugins/op-builder/public/assets/cache/page-337670ba.js]
[www.omnigeometry.com/index.html]
[www.omnigeometry.com/wp-content/plugins/op-builder/public/assets/css/op3-rebootf049.css]
[www.omnigeometry.com/contact-success/index.html]
[www.omnigeometry.com/omnigeometry-offline-checkout/index.html]
[www.omnigeometry.com/featured-artists/index.html]
[www.omnigeometry.com/testimonials/index.html]
[www.omnigeometry.com/privacy-policy/index.html]
[www.omnigeometry.com/wp-content/uploads/2021/07/omnigeometry_video_overlay_1280x-1024x435.jpg]
[www.omnigeometry.com/wp-content/uploads/2018/05/Screen-Shot-2018-05-23-at-3.15.51-PM.png]
[www.omnigeometry.com/omnigeometry-members-login/index.html]
[www.omnigeometry.com/wp-content/uploads/2019/02/4_5997029656782439604.png]
[www.omnigeometry.com/wp-content/uploads/2021/03/coffee-bag.jpg]
[www.omnigeometry.com/wp-content/plugins/op-builder/public/assets/cache/page-337670ba.css]
[www.omnigeometry.com/wp-includes/wlwmanifest.html]
[www.omnigeometry.com/wp-content/plugins/op-builder/public/assets/cache/page-3376ef40.svg]
[www.omnigeometry.com/index5cb5.html]
[ajax.googleapis.com/ajax/libs/webfont/1.5.3/webfont.js]
[www.omnigeometry.com/wp-content/plugins/optimizePressPlugin/lib/js/op-jquery-base-all.mind727.js]
[www.omnigeometry.com/wp-includes/js/dist/vendor/regenerator-runtime.min3937.js]
[www.omnigeometry.com/wp-includes/js/dist/vendor/wp-polyfill.min2c7c.js]
[www.omnigeometry.com/wp-includes/js/dist/hooks.mincbb5.js]
[www.omnigeometry.com/wp-includes/js/dist/i18n.min771a.js]
[www.omnigeometry.com/wp-content/plugins/wishlist-member/features/box-basic/dist/script8a54.js]
[www.omnigeometry.com/wp-includes/js/zxcvbn-async.min5152.js]
[www.omnigeometry.com/wp-content/uploads/2017/03/OmniGeometryFINAL-04-620x_o.png]
[www.omnigeometry.com/wp-content/uploads/2018/11/39208398_1007986699382785_7155331325187063808_o.jpg]
[www.omnigeometry.com/wp-content/uploads/2021/08/DiamondPressure_1600x-1-383x215.jpg]
[www.omnigeometry.com/wp-content/uploads/2021/07/StarSymbolOrbs-383x215.jpg]
[www.omnigeometry.com/wp-content/uploads/2020/11/Screenshot-2020-11-09-at-18.58.42-383x215.jpg]
[www.omnigeometry.com/wp-content/uploads/2020/10/NexusCore01_featured-383x215.jpg]
[www.omnigeometry.com/wp-content/uploads/2020/10/TraceFadeTester_lighter-383x215.jpg]
[www.omnigeometry.com/wp-content/uploads/2020/08/Screenshot-2020-07-06-at-13.13.45-383x215.jpg]
[www.omnigeometry.com/new-members-area/index.html]
[www.omnigeometry.com/wp-content/uploads/2020/05/MasterGrid6-383x215.jpg]
[www.omnigeometry.com/wp-content/uploads/2020/05/MasterGrid-383x215.jpg]
[www.omnigeometry.com/wp-content/plugins/wishlist-member/ui/js/frontend1200.js]
[www.omnigeometry.com/wp-content/themes/op-smart-theme3/js/bootstrap.min9f34.js]
[www.omnigeometry.com/version-1-3-10a/index.html]
[www.omnigeometry.com/wp-content/themes/op-smart-theme3/js/all.min9f34.js]
[www.omnigeometry.com/blog/index.html]
[www.omnigeometry.com/version-1-3-10/index.html]
[www.omnigeometry.com/wp-json/wp/v2/pages/2635.json]
[www.omnigeometry.com/version-1-3-8/index.html]
[www.omnigeometry.com/version-1-3-7/index.html]
[www.omnigeometry.com/version-1-3-9/index.html]
[www.omnigeometry.com/version-1-3-6-1/index.html]
[www.omnigeometry.com/wp-json/oembed/1.0/embed8979.json]
[www.omnigeometry.com/version-1-3-6/index.html]
[www.omnigeometry.com/version-1-3-5/index.html]
[www.omnigeometry.com/omnigeometry-offline-version-for-mac-os-and-telegram-group/index.html]
[www.omnigeometry.com/wp-json/oembed/1.0/embed0b92]
[www.omnigeometry.com/blog/page/2/index.html]
[www.omnigeometry.com/wp-content/uploads/2021/08/Screen-Shot-2021-08-09-at-12.00.12-PM.png]
[www.omnigeometry.com/wp-content/uploads/2021/08/Screen-Shot-2021-08-09-at-12.00.12-PM-710x1024.png]
[www.omnigeometry.com/wp-content/uploads/2022/01/Gus.jpg]
[www.omnigeometry.com/wp-content/plugins/op-builder/public/assets/cache/page-2635.nodelay0a89.js]
[www.omnigeometry.com/wp-content/plugins/op-builder/public/assets/cache/page-26350a89.js]
[www.omnigeometry.com/about-us/index.html]
[www.omnigeometry.com/wp-json/wp/v2/pages/2668.json]
[www.omnigeometry.com/wp-json/oembed/1.0/embed2a2d.json]
[www.omnigeometry.com/wp-json/oembed/1.0/embed8f7f]
[www.omnigeometry.com/wp-content/plugins/op-builder/public/assets/cache/page-2668.nodelaya2f5.js]
[www.omnigeometry.com/wp-content/plugins/op-builder/public/assets/cache/page-2668a2f5.js]
[www.omnigeometry.com/feature-request/index.html]
[www.omnigeometry.com/wp-content/plugins/wpforms-lite/assets/lib/jquery.validate.min782e.js]
[www.omnigeometry.com/wp-content/plugins/wpforms-lite/assets/lib/mailcheck.mincfa9.js]
[www.omnigeometry.com/wp-content/plugins/wpforms-lite/assets/lib/punycode.min8a54.js]
[www.omnigeometry.com/wp-content/plugins/wpforms-lite/assets/js/wpforms.mina030.js]
[www.omnigeometry.com/contact-us/index.html]
[www.omnigeometry.com/wp-json/wp/v2/pages/2726.json]
[www.omnigeometry.com/wp-json/oembed/1.0/embeda023.json]
[www.omnigeometry.com/wp-json/oembed/1.0/embedb60e]
[www.omnigeometry.com/wp-content/plugins/op-builder/public/assets/cache/page-2726.nodelay1052.js]
[www.omnigeometry.com/wp-content/plugins/op-builder/public/assets/cache/page-27261052.js]
[www.omnigeometry.com/tutorials/index.html]
[www.omnigeometry.com/wp-content/uploads/2016/10/OmniGeometry-02.webp]
[www.omnigeometry.com/wp-json/wp/v2/pages/3322.json]
[www.omnigeometry.com/wp-json/oembed/1.0/embedf7d1.json]
[www.omnigeometry.com/wp-json/oembed/1.0/embed569a]
[www.omnigeometry.com/wp-content/uploads/2016/10/OmniGeometry-02.png]
[www.omnigeometry.com/members-login/0/index.html]
[www.omnigeometry.com/wp-loginc2b6.html]
[www.omnigeometry.com/wp-content/plugins/op-builder/public/assets/cache/page-3322.nodelay7855.js]
[www.omnigeometry.com/wp-content/plugins/op-builder/public/assets/cache/page-33227855.js]
[www.omnigeometry.com/members-login/index.html]
[www.omnigeometry.com/wp-content/uploads/2018/11/dab43401-630a-4fc4-937c-abf96bd2d491.webp]
[www.omnigeometry.com/wp-content/uploads/2022/02/Kamora-Jones-150x150.webp]
[www.omnigeometry.com/wp-content/uploads/2022/02/2022-02-09-11.13.17-150x150.jpg]
[www.omnigeometry.com/wp-json/wp/v2/pages/3211.json]
[www.omnigeometry.com/wp-json/oembed/1.0/embed4ccc.json]
[www.omnigeometry.com/wp-json/oembed/1.0/embedae02]
[www.omnigeometry.com/wp-content/uploads/2022/02/Kamora-Jones.png]
[www.omnigeometry.com/wp-content/uploads/2022/02/Kamora-Jones-150x150.png]
[www.omnigeometry.com/wp-content/uploads/2022/02/2022-02-09-11.13.17.jpg]
[www.omnigeometry.com/wp-content/plugins/op-builder/public/assets/cache/page-3211.nodelayda54.js]
[www.omnigeometry.com/wp-content/plugins/op-builder/public/assets/cache/page-3211da54.js]
[www.omnigeometry.com/omnigeometry-online-version-checkout/index.html]
[www.omnigeometry.com/wp-json/wp/v2/pages/3216.json]
[www.omnigeometry.com/wp-json/oembed/1.0/embed3ee0.json]
[www.omnigeometry.com/wp-json/oembed/1.0/embedd26d]
[www.omnigeometry.com/wp-content/plugins/op-builder/public/assets/cache/page-3216.nodelay3b42.js]
[www.omnigeometry.com/wp-content/plugins/op-builder/public/assets/cache/page-32163b42.js]
[www.omnigeometry.com/omnigeometry-trial-version/index.html]
[www.omnigeometry.com/wp-content/uploads/2021/07/OrbMandala_139_screenshot-1.webp]
[www.omnigeometry.com/wp-json/wp/v2/pages/3155.json]
[www.omnigeometry.com/wp-json/oembed/1.0/embed0682.json]
[www.omnigeometry.com/wp-json/oembed/1.0/embed27db]
[www.omnigeometry.com/wp-content/plugins/op-builder/public/assets/cache/page-3155.nodelay393d.js]
[www.omnigeometry.com/wp-content/plugins/op-builder/public/assets/cache/page-3155393d.js]
[www.omnigeometry.com/omnigeometry-offline-checkout/index.html]
[www.omnigeometry.com/wp-content/uploads/2021/08/Screen-Shot-2021-08-18-at-9.17.52-AM-1024x849.png]
[www.omnigeometry.com/wp-content/uploads/2021/08/Screen-Shot-2021-08-18-at-9.18.58-AM-1024x919.png]
[www.omnigeometry.com/wp-content/uploads/2021/08/Screen-Shot-2021-08-25-at-3.32.11-PM-1024x638.png]
[www.omnigeometry.com/wp-content/uploads/2021/08/Screen-Shot-2021-08-25-at-3.31.41-PM-1024x639.png]
[www.omnigeometry.com/wp-content/uploads/2021/08/VISHUDDHA-Throat-Chakra-NEW-1-1024x640.webp]
[www.omnigeometry.com/wp-json/wp/v2/pages/2730.json]
[www.omnigeometry.com/wp-json/oembed/1.0/embed80cc.json]
[www.omnigeometry.com/wp-json/oembed/1.0/embed5cdb]
[www.omnigeometry.com/wp-content/uploads/2021/08/Screen-Shot-2021-08-18-at-9.17.52-AM.png]
[www.omnigeometry.com/wp-content/uploads/2021/08/Screen-Shot-2021-08-18-at-9.18.58-AM.png]
[www.omnigeometry.com/wp-content/uploads/2021/08/Screen-Shot-2021-08-25-at-3.32.11-PM.png]
[www.omnigeometry.com/wp-content/uploads/2021/08/Screen-Shot-2021-08-25-at-3.31.41-PM.png]
[www.omnigeometry.com/wp-content/uploads/2021/08/VISHUDDHA-Throat-Chakra-NEW-1.png]
[www.omnigeometry.com/wp-content/uploads/2021/08/VISHUDDHA-Throat-Chakra-NEW-1-1024x640.png]
[www.omnigeometry.com/wp-content/uploads/2021/08/rainboweye.png]
[www.omnigeometry.com/wp-content/uploads/2021/08/rainboweye-1024x962.png]
[www.omnigeometry.com/wp-content/uploads/2021/09/onion-scaled.jpg]
[www.omnigeometry.com/wp-content/uploads/2021/09/onion-1024x998.jpg]
[www.omnigeometry.com/wp-content/uploads/2021/08/sentprayer.jpg]
[www.omnigeometry.com/wp-content/uploads/2021/08/sentprayer-1024x1024.jpg]
[www.omnigeometry.com/wp-content/uploads/2021/08/trieyebnw.png]
[www.omnigeometry.com/wp-content/uploads/2021/08/trieyebnw-1024x998.png]
[www.omnigeometry.com/wp-content/uploads/2021/08/Screen-Shot-2021-08-09-at-12.54.14-PM.png]
[www.omnigeometry.com/wp-content/uploads/2021/08/Screen-Shot-2021-08-09-at-12.54.14-PM-1024x1024.png]
[www.omnigeometry.com/wp-content/uploads/2021/08/solid-omni-center.png]
[www.omnigeometry.com/wp-content/uploads/2021/08/AMAZINGNESS.png]
[www.omnigeometry.com/wp-content/uploads/2021/08/Screen-Shot-2021-08-11-at-9.32.37-AM.png]
[www.omnigeometry.com/wp-content/uploads/2021/08/Screen-Shot-2021-08-11-at-9.32.37-AM-791x1024.png]
[www.omnigeometry.com/wp-content/uploads/2021/08/art1.jpg]
[www.omnigeometry.com/wp-content/uploads/2021/08/art1-1024x764-1.jpg]
[www.omnigeometry.com/wp-content/uploads/2021/08/art2.jpg]
[www.omnigeometry.com/wp-content/uploads/2021/08/art2-1024x763-1.jpg]
[www.omnigeometry.com/wp-content/uploads/2021/08/6-4-2021-recsd32-flowsbjvjjkb.jpg]
[www.omnigeometry.com/wp-content/uploads/2021/08/6-4-2021-recsd32-flowsbjvjjkb-1024x683-1.jpg]
[www.omnigeometry.com/wp-content/uploads/2021/08/6-4-2021-omnisli.jpg]
[www.omnigeometry.com/wp-content/uploads/2021/08/6-4-2021-omnisli-1024x668-1.jpg]
[www.omnigeometry.com/wp-content/plugins/op-builder/public/assets/cache/page-2730.nodelay0d34.js]
[www.omnigeometry.com/wp-content/plugins/op-builder/public/assets/cache/page-27300d34.js]
[www.omnigeometry.com/featured-artists/index.html]
[www.omnigeometry.com/wp-json/wp/v2/pages/1149.json]
[www.omnigeometry.com/wp-json/oembed/1.0/embed8144.json]
[www.omnigeometry.com/wp-json/oembed/1.0/embedf9c5]
[www.omnigeometry.com/wp-content/uploads/2016/10/OmniGeometryFINAL-03-1024x205.png]
[www.omnigeometry.com/wp-content/uploads/2016/10/email_check.png]
[www.omnigeometry.com/wp-includes/js/comment-reply.minf049.js]
[www.omnigeometry.com/wp-content/plugins/optimizePressPlugin/lib/js/op-front-all.mind727.js]
[www.omnigeometry.com/wp-content/plugins/optimizePressPlugin/lib/js/menus.mind727.js]
[www.omnigeometry.com/contact-success/index.html]
[www.omnigeometry.com/wp-content/uploads/2021/09/Screen-Shot-2021-09-14-at-5.43.40-AM.png]
[www.omnigeometry.com/wp-content/uploads/2021/09/Screen-Shot-2021-09-14-at-5.42.36-AM.png]
[www.omnigeometry.com/wp-content/uploads/2021/09/Screen-Shot-2021-09-14-at-5.43.17-AM.png]
[www.omnigeometry.com/wp-content/uploads/2021/09/Screen-Shot-2021-09-14-at-5.44.08-AM.png]
[www.omnigeometry.com/wp-content/uploads/2021/09/Screen-Shot-2021-09-14-at-5.44.52-AM.png]
[www.omnigeometry.com/wp-content/uploads/2021/09/Screen-Shot-2021-09-14-at-5.44.33-AM.png]
[www.omnigeometry.com/wp-content/uploads/2021/09/Screen-Shot-2021-09-14-at-5.46.12-AM-726x1024.png]
[www.omnigeometry.com/wp-content/uploads/2021/09/Screen-Shot-2021-09-14-at-5.47.28-AM.png]
[www.omnigeometry.com/wp-content/uploads/2021/09/Screen-Shot-2021-09-14-at-5.46.32-AM.png]
[www.omnigeometry.com/wp-content/uploads/2021/09/Screen-Shot-2021-09-14-at-5.47.10-AM-812x1024.png]
[www.omnigeometry.com/wp-content/uploads/2021/09/Screen-Shot-2021-09-14-at-5.45.41-AM.png]
[www.omnigeometry.com/wp-content/uploads/2021/09/Screen-Shot-2021-09-14-at-5.48.03-AM-791x1024.png]
[www.omnigeometry.com/wp-content/uploads/2021/09/Screen-Shot-2021-09-14-at-5.49.27-AM-721x1024.png]
[www.omnigeometry.com/wp-content/uploads/2021/09/Screen-Shot-2021-09-14-at-5.48.28-AM.png]
[www.omnigeometry.com/wp-content/uploads/2021/09/Screen-Shot-2021-09-14-at-5.52.35-AM.png]
[www.omnigeometry.com/wp-content/uploads/2021/09/Screen-Shot-2021-09-14-at-5.50.11-AM-760x1024.png]
[www.omnigeometry.com/wp-content/uploads/2021/09/Screen-Shot-2021-09-14-at-5.50.45-AM-741x1024.png]
[www.omnigeometry.com/wp-content/uploads/2021/09/Screen-Shot-2021-09-14-at-5.51.00-AM-761x1024.png]
[www.omnigeometry.com/wp-content/uploads/2021/09/Screen-Shot-2021-09-14-at-5.51.33-AM-702x1024.png]
[www.omnigeometry.com/wp-content/uploads/2021/09/Screen-Shot-2021-09-14-at-5.51.57-AM.png]
[www.omnigeometry.com/wp-content/uploads/2021/09/Screen-Shot-2021-09-14-at-5.52.13-AM-1.png]
[www.omnigeometry.com/wp-json/wp/v2/pages/2926.json]
[www.omnigeometry.com/wp-json/oembed/1.0/embedcdfb.json]
[www.omnigeometry.com/wp-json/oembed/1.0/embedd40e]
[www.omnigeometry.com/wp-content/uploads/2021/09/Screen-Shot-2021-09-14-at-5.46.12-AM.png]
[www.omnigeometry.com/wp-content/uploads/2021/09/Screen-Shot-2021-09-14-at-5.47.10-AM.png]
[www.omnigeometry.com/wp-content/uploads/2021/09/Screen-Shot-2021-09-14-at-5.48.03-AM.png]
[www.omnigeometry.com/wp-content/uploads/2021/09/Screen-Shot-2021-09-14-at-5.49.27-AM.png]
[www.omnigeometry.com/wp-content/uploads/2021/09/Screen-Shot-2021-09-14-at-5.50.11-AM.png]
[www.omnigeometry.com/wp-content/uploads/2021/09/Screen-Shot-2021-09-14-at-5.50.45-AM.png]
[www.omnigeometry.com/wp-content/uploads/2021/09/Screen-Shot-2021-09-14-at-5.51.00-AM.png]
[www.omnigeometry.com/wp-content/uploads/2021/09/Screen-Shot-2021-09-14-at-5.51.33-AM.png]
[www.omnigeometry.com/wp-content/plugins/op-builder/public/assets/cache/page-2926.nodelay24bb.js]
[www.omnigeometry.com/wp-content/plugins/op-builder/public/assets/cache/page-292624bb.js]
[www.omnigeometry.com/testimonials/index.html]
[www.omnigeometry.com/wp-json/wp/v2/pages/2718.json]
[www.omnigeometry.com/wp-json/oembed/1.0/embed07b9.json]
[www.omnigeometry.com/wp-json/oembed/1.0/embed654f]
[www.omnigeometry.com/wp-content/plugins/op-builder/public/assets/cache/page-2718.nodelayc300.js]
[www.omnigeometry.com/wp-content/plugins/op-builder/public/assets/cache/page-2718c300.js]
[www.omnigeometry.com/privacy-policy/index.html]
[www.omnigeometry.com/wp-json/wp/v2/pages/744.json]
[www.omnigeometry.com/wp-json/oembed/1.0/embed9848.json]
[www.omnigeometry.com/wp-json/oembed/1.0/embed6a2f]
[www.omnigeometry.com/wp-content/uploads/2016/05/triangle-opacity25-repeating-background.png]
[www.omnigeometry.com/wp-content/uploads/2016/10/OmniGeometry-02-1024x205.png]
[www.omnigeometry.com/omnigeometry-members-login/index.html]
[www.omnigeometry.com/wp-content/uploads/2019/02/4_5997029656782439604.html]
[www.omnigeometry.com/wp-content/uploads/2021/03/coffee-bag.html]
[www.omnigeometry.com/xmlrpc.php]
[www.omnigeometry.com/wp-content/themes/op-smart-theme3/fonts/glyphicons-halflings-regular.eot]
[www.omnigeometry.com/wp-content/themes/op-smart-theme3/fonts/glyphicons-halflings-regulard41d.eot]
[www.omnigeometry.com/wp-content/themes/op-smart-theme3/fonts/glyphicons-halflings-regular.woff2]
[www.omnigeometry.com/wp-content/themes/op-smart-theme3/fonts/glyphicons-halflings-regular.woff]
[www.omnigeometry.com/wp-content/themes/op-smart-theme3/fonts/glyphicons-halflings-regular.ttf]
[www.omnigeometry.com/wp-content/themes/op-smart-theme3/images/line-bg.png]
[www.omnigeometry.com/wp-content/themes/op-smart-theme3/css/all.min9f34.css]
[www.omnigeometry.com/wp-includes/css/dist/block-library/style.minf049.css]
[www.omnigeometry.com/wp-content/plugins/wishlist-member/features/box-basic/dist/stylef049.css]
[www.omnigeometry.com/wp-content/themes/op-smart-theme3/css/woocommerce.min9f34.css]
[www.omnigeometry.com/wp-content/plugins/optimizePressPlugin/lib/modules/blog/video/mediaelement/bigplay.png]
[www.omnigeometry.com/wp-content/plugins/optimizePressPlugin/lib/modules/blog/video/mediaelement/background.png]
[www.omnigeometry.com/wp-content/plugins/optimizePressPlugin/lib/modules/blog/video/mediaelement/loading.gif]
[www.omnigeometry.com/wp-content/plugins/optimizePressPlugin/lib/modules/blog/video/mediaelement/controls.png]
[www.omnigeometry.com/wp-content/plugins/optimizePressPlugin/lib/modules/blog/video/flowplayer/skin/icons/flowplayerd41d.eot]
[www.omnigeometry.com/wp-content/plugins/optimizePressPlugin/lib/modules/blog/video/flowplayer/skin/icons/flowplayer.woff2]
[www.omnigeometry.com/wp-content/plugins/optimizePressPlugin/lib/modules/blog/video/flowplayer/skin/icons/flowplayer.woff]
[www.omnigeometry.com/wp-content/plugins/optimizePressPlugin/lib/assets/default.mind727.css]
[www.omnigeometry.com/wp-content/plugins/optimizeMember/optimizeMember-pro/images/info-icon.png]
[www.omnigeometry.com/wp-content/plugins/optimizeMember/optimizeMember-pro/images/error-icon.png]
[www.omnigeometry.com/wp-content/plugins/optimizeMember/optimizeMember-pro/images/coupon-icon.png]
[www.omnigeometry.com/wp-content/plugins/optimizeMember/optimizeMember-pro/images/secure-icon.png]
[www.omnigeometry.com/wp-content/plugins/optimizeMember/optimizeMember-pro/images/details-icon.png]
[www.omnigeometry.com/wp-content/plugins/optimizeMember/optimizeMember-pro/images/wallet-icon.png]
[www.omnigeometry.com/wp-content/plugins/optimizeMember/optimizeMember-pro/images/address-icon.png]
[www.omnigeometry.com/wp-content/plugins/optimizeMember/optimizeMember-pro/images/captcha-icon.png]
[www.omnigeometry.com/wp-content/plugins/optimizeMember/optimizeMember-pro/images/paypal-card.png]
[www.omnigeometry.com/wp-content/plugins/optimizeMember/optimizeMember-pro/images/visa-card.png]
[www.omnigeometry.com/wp-content/plugins/optimizeMember/optimizeMember-pro/images/mastercard-card.png]
[www.omnigeometry.com/wp-content/plugins/optimizeMember/optimizeMember-pro/images/amex-card.png]
[www.omnigeometry.com/wp-content/plugins/optimizeMember/optimizeMember-pro/images/discover-card.png]
[www.omnigeometry.com/wp-content/plugins/optimizeMember/optimizeMember-pro/images/maestro-card.png]
[www.omnigeometry.com/wp-content/plugins/optimizeMember/optimizeMember-pro/images/solo-card.png]
[www.omnigeometry.com/wp-content/plugins/optimizeMember/optimizeMember-pro/images/arrow-icon.png]
[www.omnigeometry.com/wp-content/plugins/optimizeMember/optimizeMember-pro/images/tax-icon.png]
[www.omnigeometry.com/wp-content/plugins/optimizeMember/optimizeMember-o69ae.css]
[www.omnigeometry.com/wp-login.html]
[www.omnigeometry.com/wp-content/plugins/optimizeMember/images/ajax-loader.gif]
[www.omnigeometry.com/wp-content/plugins/optimizeMember/optimizeMember-od18a.js]
[www.omnigeometry.com/wp-json/wp/v2/posts/3410.json]
[www.omnigeometry.com/wp-json/oembed/1.0/embedeab4.json]
[www.omnigeometry.com/index1ecd.html]
[www.omnigeometry.com/new-members-area/feed/index.html]
[www.omnigeometry.com/wp-json/oembed/1.0/embed889d]
[www.omnigeometry.com/new-members-area/index.html]
[www.omnigeometry.com/wp-json/wp/v2/posts/3122.json]
[www.omnigeometry.com/version-1-3-10a/feed/index.html]
[www.omnigeometry.com/wp-json/oembed/1.0/embede524.json]
[www.omnigeometry.com/wp-content/uploads/2021/08/DiamondPressure_1600x-1.jpg]
[www.omnigeometry.com/wp-content/plugins/op-builder/public/assets/cache/page-3122.nodelayfdb3.js]
[www.omnigeometry.com/wp-content/plugins/op-builder/public/assets/cache/page-3122fdb3.js]
[www.omnigeometry.com/version-1-3-10a/index.html]
[www.omnigeometry.com/wp-content/uploads/2021/08/screenshot_1_3_10_triskele_750x.webp]
[www.omnigeometry.com/version-1-3-10/feed/index.html]
[www.omnigeometry.com/wp-json/wp/v2/posts/3007.json]
[www.omnigeometry.com/wp-json/oembed/1.0/embedf7d1-2.json]
[www.omnigeometry.com/wp-json/oembed/1.0/embed4a25]
[www.omnigeometry.com/wp-content/uploads/2021/08/screenshot_1_3_10_triskele_fullsize.png]
[www.omnigeometry.com/wp-content/uploads/2021/08/screenshot_1_3_10_triskele_750x.png]
[www.omnigeometry.com/wp-content/uploads/2021/08/Screenshot-2021-12-29-at-15.00.11.png]
[www.omnigeometry.com/wp-content/uploads/2021/08/Screenshot-2021-12-29-at-15.04.08.png]
[www.omnigeometry.com/wp-content/uploads/2021/08/TriskeleTraces_stamped_1800x.png]
[www.omnigeometry.com/wp-content/uploads/2021/08/TriskeleTraces_stamped_750x.png]
[www.omnigeometry.com/wp-content/uploads/2021/08/TriskeleTraces_detail_750x.jpg]
[www.omnigeometry.com/wp-content/uploads/2021/08/Screenshot-2021-12-29-at-16.30.28.png]
[www.omnigeometry.com/wp-content/uploads/2021/08/Screenshot-2021-12-29-at-16.38.53.png]
[www.omnigeometry.com/wp-content/uploads/2021/08/Screenshot-2021-12-29-at-16.51.55.png]
[www.omnigeometry.com/wp-content/uploads/2021/08/StepWavesBlue04.jpg]
[www.omnigeometry.com/wp-content/uploads/2021/08/BlackLotus_750x.png]
[www.omnigeometry.com/wp-content/uploads/2020/04/PersonalSiteLogo-3.png]
[www.omnigeometry.com/wp-content/plugins/op-builder/public/assets/cache/page-3007.nodelay48a7.js]
[www.omnigeometry.com/wp-content/plugins/op-builder/public/assets/cache/page-300748a7.js]
[www.omnigeometry.com/version-1-3-10/index.html]
[www.omnigeometry.com/wp-content/uploads/2021/08/Screenshot-2021-08-17-at-10.31.59-1024x576.png]
[www.omnigeometry.com/wp-json/wp/v2/posts/2712.json]
[www.omnigeometry.com/version-1-3-9/feed/index.html]
[www.omnigeometry.com/wp-json/oembed/1.0/embed03d3.json]
[www.omnigeometry.com/wp-json/oembed/1.0/embed4f46]
[www.omnigeometry.com/wp-content/uploads/2021/07/StarSymbolOrbs.jpg]
[www.omnigeometry.com/wp-content/uploads/2021/07/FeatureDrawImagesAtPoints.png]
[www.omnigeometry.com/wp-content/uploads/2021/07/ExportAsSvg-1.png]
[www.omnigeometry.com/wp-content/uploads/2021/07/trace_bg.jpg]
[www.omnigeometry.com/wp-content/uploads/2021/07/RecursionConfirm.png]
[www.omnigeometry.com/wp-content/uploads/2021/08/IcosaDesign4.jpg]
[www.omnigeometry.com/wp-content/plugins/op-builder/public/assets/cache/page-2712.nodelay488a.js]
[www.omnigeometry.com/wp-content/plugins/op-builder/public/assets/cache/page-2712488a.js]
[www.omnigeometry.com/version-1-3-9/index.html]
[www.omnigeometry.com/wp-json/wp/v2/posts/2281.json]
[www.omnigeometry.com/version-1-3-8/feed/index.html]
[www.omnigeometry.com/wp-json/oembed/1.0/embed1569.json]
[www.omnigeometry.com/wp-json/oembed/1.0/embedea86]
[www.omnigeometry.com/wp-content/uploads/2020/11/Screenshot-2020-11-09-at-18.58.42.jpg]
[www.omnigeometry.com/wp-content/uploads/2020/11/Screenshot-2020-11-06-at-13.53.01-1.png]
[www.omnigeometry.com/wp-content/uploads/2020/11/FlowerScaler02_twoway-300x297-1.jpg]
[www.omnigeometry.com/wp-content/uploads/2020/10/Screenshot-2020-10-21-at-18.24.57.png]
[www.omnigeometry.com/wp-content/uploads/2020/01/DanVibe-350x195.jpg]
[www.omnigeometry.com/version-1-3-8/index.html]
[www.omnigeometry.com/version-1-3-4-1/index.html]
[www.omnigeometry.com/wp-json/wp/v2/posts/2222.json]
[www.omnigeometry.com/version-1-3-7/feed/index.html]
[www.omnigeometry.com/wp-json/oembed/1.0/embedbe12.json]
[www.omnigeometry.com/wp-json/oembed/1.0/embed2c89]
[www.omnigeometry.com/wp-content/uploads/2020/10/NexusCore01_featured.jpg]
[www.omnigeometry.com/wp-content/uploads/2020/10/Screenshot-2020-10-07-at-10.13.33_large.png]
[www.omnigeometry.com/wp-content/uploads/2020/10/Screenshot-2020-10-07-at-10.13.33_small.jpg]
[www.omnigeometry.com/wp-content/uploads/2020/10/Screenflick-Movie-11230a.mp4]
[www.omnigeometry.com/wp-content/uploads/2020/10/Screenflick-Movie-11.mp4]
[www.omnigeometry.com/wp-content/uploads/2020/10/Screenshot-2020-10-07-at-10.26.16.png]
[www.omnigeometry.com/wp-content/uploads/2020/10/Screenshot-2020-10-07-at-11.08.09.png]
[www.omnigeometry.com/wp-content/uploads/2020/10/Screenflick-Movie-14e6f8.mp4]
[www.omnigeometry.com/wp-content/uploads/2020/10/Screenflick-Movie-14.mp4]
[www.omnigeometry.com/wp-includes/js/mediaelement/mediaelement-and-player.min08e1.js]
[www.omnigeometry.com/wp-includes/js/mediaelement/mediaelement-migrate.minf049.js]
[www.omnigeometry.com/wp-includes/js/mediaelement/wp-mediaelement.minf049.js]
[www.omnigeometry.com/wp-includes/js/mediaelement/renderers/vimeo.min08e1.js]
[www.omnigeometry.com/version-1-3-7/index.html]
[www.omnigeometry.com/wp-json/wp/v2/posts/2216.json]
[www.omnigeometry.com/version-1-3-6-1/feed/index.html]
[www.omnigeometry.com/wp-json/oembed/1.0/embed1610.json]
[www.omnigeometry.com/wp-json/oembed/1.0/embedf462]
[www.omnigeometry.com/wp-content/uploads/2020/10/TraceFadeTester_lighter.jpg]
[www.omnigeometry.com/version-1-3-6-1/index.html]
[www.omnigeometry.com/version-1-3-6/feed/index.html]
[www.omnigeometry.com/wp-json/wp/v2/posts/2158.json]
[www.omnigeometry.com/wp-json/oembed/1.0/embed8bc0.json]
[www.omnigeometry.com/wp-json/oembed/1.0/embeda63b]
[www.omnigeometry.com/wp-content/uploads/2020/08/Screenshot-2020-07-06-at-13.13.45.jpg]
[www.omnigeometry.com/wp-content/uploads/2020/08/Screenshot-2020-07-15-at-12.37.07-1.jpg]
[www.omnigeometry.com/wp-content/uploads/2020/08/Screenshot-2020-07-15-at-12.37.07-1-1024x640-1.jpg]
[www.omnigeometry.com/wp-content/uploads/2020/08/TraceFadeTester_lighter.png]
[www.omnigeometry.com/wp-content/uploads/2020/08/TraceFadeTester_lighter-1024x675.png]
[www.omnigeometry.com/wp-content/uploads/2020/08/omnigeometry_lighter7.png]
[www.omnigeometry.com/wp-content/uploads/2020/08/omnigeometry_lighter7-1024x694.png]
[www.omnigeometry.com/wp-content/uploads/2020/08/omnigeometry_lighter4.png]
[www.omnigeometry.com/wp-content/uploads/2020/08/omnigeometry_lighter4-1024x694.png]
[www.omnigeometry.com/wp-content/uploads/2020/08/Screenshot-2020-08-26-at-11.15.37.png]
[www.omnigeometry.com/wp-content/uploads/2020/08/ArcTest08.png]
[www.omnigeometry.com/wp-content/uploads/2020/08/ArcTest08-300x224.png]
[www.omnigeometry.com/wp-content/uploads/2020/08/ArcTest01.jpg]
[www.omnigeometry.com/wp-content/uploads/2020/08/ArcTest01-300x285-1.jpg]
[www.omnigeometry.com/wp-content/uploads/2020/08/PointArcTest06.png]
[www.omnigeometry.com/wp-content/uploads/2020/08/PointArcTest06-742x1024.png]
[www.omnigeometry.com/wp-content/uploads/2020/08/PDFReso.png]
[www.omnigeometry.com/version-1-3-6/index.html]
[www.omnigeometry.com/wp-json/wp/v2/posts/2106.json]
[www.omnigeometry.com/version-1-3-5/feed/index.html]
[www.omnigeometry.com/wp-json/oembed/1.0/embed22f7.json]
[www.omnigeometry.com/wp-json/oembed/1.0/embed4fb8]
[www.omnigeometry.com/wp-content/uploads/2020/05/MasterGrid6.jpg]
[www.omnigeometry.com/version-1-3-5/index.html]
[www.omnigeometry.com/wp-json/wp/v2/posts/2097.json]
[www.omnigeometry.com/omnigeometry-offline-version-for-mac-os-and-telegram-group/feed/index.html]
[www.omnigeometry.com/wp-json/oembed/1.0/embedd143.json]
[www.omnigeometry.com/wp-json/oembed/1.0/embedb13d]
[www.omnigeometry.com/wp-content/uploads/2020/05/MasterGrid.jpg]
[www.omnigeometry.com/omnigeometry-offline-version-for-mac-os-and-telegram-group/index.html]
[www.omnigeometry.com/wp-content/uploads/2020/04/DiamondPatternAlien2-383x215.jpg]
[www.omnigeometry.com/wp-content/uploads/2020/03/ChiangMaiMeditation_anim16-383x215.jpg]
[www.omnigeometry.com/wp-content/uploads/2020/01/DanVibe-383x215.jpg]
[www.omnigeometry.com/wp-content/uploads/2019/12/MikkoBiohacker_2-383x215.jpg]
[www.omnigeometry.com/omnigeometry-downloadable-version-release-plan/index.html]
[www.omnigeometry.com/wp-content/uploads/2019/07/RoboSeedOfLife03-383x215.png]
[www.omnigeometry.com/wp-content/uploads/2019/07/Screen-Shot-2019-07-10-at-11.56.56-AM-383x215.jpg]
[www.omnigeometry.com/wp-content/uploads/2019/05/ThirdEyeOpenerFlowerExport-383x215.png]
[www.omnigeometry.com/downloadable-version-almost-here/index.html]
[www.omnigeometry.com/wp-content/uploads/2019/05/omnigeometry_export41-383x215.png]
[www.omnigeometry.com/wp-content/uploads/2019/05/DiamondFase0110-383x215.jpg]
[www.omnigeometry.com/blog/page/2/index.html]
[www.omnigeometry.com/wp-content/plugins/op-builder/public/assets/cache/page-26350a89.css]
[www.omnigeometry.com/indexa182.html]
[www.omnigeometry.com/omnigeometry-downloadable-status-update/index.html]
[www.omnigeometry.com/version-1-3-4/index.html]
[www.omnigeometry.com/wp-content/plugins/op-builder/public/assets/cache/page-26358546.svg]
[www.omnigeometry.com/using-layers-in-omnigeometry/index.html]
[www.omnigeometry.com/wp-content/plugins/op-builder/public/assets/cache/page-2668a2f5.css]
[www.omnigeometry.com/version-1-3-3/index.html]
[www.omnigeometry.com/indexda3d.html]
[www.omnigeometry.com/wp-content/plugins/op-builder/public/assets/cache/page-2668754e.svg]
[www.omnigeometry.com/version-1-3-2/index.html]
[www.omnigeometry.com/development-update-downloadable-version/index.html]
[www.omnigeometry.com/blog/page/3/index.html]
[www.omnigeometry.com/wp-json/wp/v2/pages/2692.json]
[www.omnigeometry.com/wp-json/oembed/1.0/embedabd5.json]
[www.omnigeometry.com/wp-json/oembed/1.0/embedf665]
[www.omnigeometry.com/wp-content/plugins/op-builder/public/assets/cache/page-2692.nodelayacaf.js]
[www.omnigeometry.com/wp-content/plugins/op-builder/public/assets/cache/page-2692acaf.js]
[www.omnigeometry.com/feature-request/index.html]
[www.omnigeometry.com/wp-content/plugins/wpforms-lite/assets/css/wpforms-full.mina030.css]
[www.omnigeometry.com/wp-content/plugins/op-builder/public/assets/cache/page-27261052.css]
[www.omnigeometry.com/index0c0a.html]
[www.omnigeometry.com/wp-content/plugins/op-builder/public/assets/cache/page-2726b466.svg]
[www.omnigeometry.com/wp-content/plugins/op-builder/public/assets/cache/page-33227855.css]
[www.omnigeometry.com/index0ec2.html]
[www.omnigeometry.com/members-login/0/0]
[www.omnigeometry.com/members-login/0/index.html]
[www.omnigeometry.com/wp-content/uploads/2017/03/OmniGeometry_login_logo.png]
[www.omnigeometry.com/wp-loginc2b6.html]
[www.omnigeometry.com/wp-content/plugins/op-builder/public/assets/cache/page-33220011.svg]
[www.omnigeometry.com/wp-includes/fonts/dashicons7d4b.eot]
[www.omnigeometry.com/wp-includes/fonts/dashicons7d4b.ttf]
[www.omnigeometry.com/wp-includes/css/dashicons.minf049.css]
[www.omnigeometry.com/wp-content/plugins/wishlist-member/ui/css/frontend_form1200.css]
[www.omnigeometry.com/wp-content/plugins/op-builder/public/assets/cache/page-3211da54.css]
[www.omnigeometry.com/indexc3ad.html]
[www.omnigeometry.com/wp-content/plugins/op-builder/public/assets/cache/page-32117a75.svg]
[www.omnigeometry.com/wp-content/plugins/op-builder/public/assets/cache/page-32163b42.css]
[www.omnigeometry.com/index3af2.html]
[www.omnigeometry.com/wp-content/plugins/op-builder/public/assets/cache/page-32165bc7.svg]
[www.omnigeometry.com/wp-content/plugins/op-builder/public/assets/cache/page-3155393d.css]
[www.omnigeometry.com/index58e9.html]
[www.omnigeometry.com/wp-content/plugins/op-builder/public/assets/cache/page-3155c981.svg]
[www.omnigeometry.com/wp-content/plugins/op-builder/public/assets/cache/page-27300d34.css]
[www.omnigeometry.com/index070c.html]
[www.omnigeometry.com/wp-content/plugins/op-builder/public/assets/cache/page-27307225.svg]
[www.omnigeometry.com/wp-content/plugins/optimizePressPlugin/pages/marketing/3/style.mind727.css]
[www.omnigeometry.com/index3f16.html]
[www.omnigeometry.com/wp-content/plugins/op-builder/public/assets/cache/page-292624bb.css]
[www.omnigeometry.com/indexfa7b.html]
[www.omnigeometry.com/wp-content/plugins/op-builder/public/assets/cache/page-2926d90e.svg]
[www.omnigeometry.com/wp-content/plugins/op-builder/public/assets/cache/page-2718c300.css]
[www.omnigeometry.com/index0347.html]
[www.omnigeometry.com/wp-content/plugins/op-builder/public/assets/cache/page-271839bd.svg]
[www.omnigeometry.com/wp-content/plugins/optimizePressPlugin/pages/membership/1/style.mind727.css]
[www.omnigeometry.com/index664b.html]
[www.omnigeometry.com/members-area-omnigeometry/index.html]
[www.omnigeometry.com/wp-content/themes/op-smart-theme3/fonts/glyphicons-halflings-regular.svg]
[www.omnigeometry.com/wp-content/themes/op-smart-theme3/images/sm-facebook.svg]
[www.omnigeometry.com/wp-content/themes/op-smart-theme3/images/sm-twitter.svg]
[www.omnigeometry.com/wp-content/themes/op-smart-theme3/images/sm-linkedin.svg]
[www.omnigeometry.com/wp-content/themes/op-smart-theme3/images/sm-googleplus.svg]
[www.omnigeometry.com/wp-content/themes/op-smart-theme3/images/sm-pinterest.svg]
[www.omnigeometry.com/wp-content/plugins/optimizePressPlugin/lib/modules/blog/video/mediaelement/bigplay.svg]
[www.omnigeometry.com/indexff5c.html]
[www.omnigeometry.com/wp-includes/js/underscore.minb37e.js]
[www.omnigeometry.com/wp-includes/js/wp-util.minf049.js]
[www.omnigeometry.com/wp-login.html]
[www.omnigeometry.com/indexdd2a.html]
[www.omnigeometry.com/omnigeometry-members-login/index6601.html]
[www.omnigeometry.com/wp-includes/js/jquery/jquery19ad.js]
[www.omnigeometry.com/wp-includes/js/zxcvbn.min19ad.js]
[www.omnigeometry.com/index1ecd.html]
[www.omnigeometry.com/index12fa.html]
[www.omnigeometry.com/wp-content/plugins/op-builder/public/assets/cache/page-3122fdb3.css]
[www.omnigeometry.com/wp-content/plugins/op-builder/public/assets/cache/page-3122b1d5.svg]
[www.omnigeometry.com/wp-content/plugins/op-builder/public/assets/cache/page-300748a7.css]
[www.omnigeometry.com/index739b.html]
[www.omnigeometry.com/wp-content/plugins/op-builder/public/assets/cache/page-3007c4a0.svg]
[www.omnigeometry.com/wp-content/plugins/op-builder/public/assets/cache/page-2712488a.css]
[www.omnigeometry.com/index607f.html]
[www.omnigeometry.com/wp-content/plugins/op-builder/public/assets/cache/page-27126976.svg]
[www.omnigeometry.com/indexc046.html]
[www.omnigeometry.com/wp-json/oembed/1.0/embed7270]
[www.omnigeometry.com/wp-json/wp/v2/posts/1985.json]
[www.omnigeometry.com/version-1-3-4-1/feed/index.html]
[www.omnigeometry.com/wp-json/oembed/1.0/embed30d4.json]
[www.omnigeometry.com/wp-json/oembed/1.0/embedbb5c]
[www.omnigeometry.com/wp-content/uploads/2020/01/DanVibe.jpg]
[www.omnigeometry.com/wp-content/uploads/2020/11/Screenshot-2020-11-09-at-18.58.42-350x195.jpg]
[www.omnigeometry.com/wp-content/uploads/2019/07/RoboSeedOfLife03-350x195.png]
[www.omnigeometry.com/version-1-3-4-1/index.html]
[www.omnigeometry.com/indexa25c.html]
[www.omnigeometry.com/wp-includes/js/mediaelement/mediaelementplayer-legacy.min08e1.css]
[www.omnigeometry.com/wp-includes/js/mediaelement/wp-mediaelement.minf049.css]
[www.omnigeometry.com/index6033.html]
[www.omnigeometry.com/index87ad.html]
[www.omnigeometry.com/indexd543.html]
[www.omnigeometry.com/index149e.html]
[www.omnigeometry.com/wp-json/wp/v2/posts/2028.json]
[www.omnigeometry.com/omnigeometry-downloadable-version-release-plan/feed/index.html]
[www.omnigeometry.com/wp-json/oembed/1.0/embedd044.json]
[www.omnigeometry.com/wp-json/oembed/1.0/embed9fcb]
[www.omnigeometry.com/wp-content/uploads/2020/04/DiamondPatternAlien2.jpg]
[www.omnigeometry.com/wp-content/uploads/2020/04/Screenshot-2020-04-12-at-22.09.31.png]
[www.omnigeometry.com/wp-content/uploads/2020/04/Screenshot-2020-04-12-at-22.09.31-1024x565.png]
[www.omnigeometry.com/wp-content/uploads/2020/04/Screenshot-2020-04-12-at-23.04.13.png]
[www.omnigeometry.com/wp-content/uploads/2020/04/Screenshot-2020-04-12-at-23.04.13-1024x565.png]
[www.omnigeometry.com/wp-content/uploads/2020/03/ChiangMaiMeditation_anim16-350x195.jpg]
[www.omnigeometry.com/wp-content/uploads/2019/12/MikkoBiohacker_2-350x195.jpg]
[www.omnigeometry.com/omnigeometry-downloadable-version-release-plan/index.html]
[www.omnigeometry.com/wp-json/wp/v2/posts/2012.json]
[www.omnigeometry.com/downloadable-version-almost-here/feed/index.html]
[www.omnigeometry.com/wp-json/oembed/1.0/embedcab0.json]
[www.omnigeometry.com/wp-json/oembed/1.0/embede437]
[www.omnigeometry.com/wp-content/uploads/2020/03/ChiangMaiMeditation_anim16.jpg]
[www.omnigeometry.com/wp-content/uploads/2020/04/DiamondPatternAlien2-350x195.jpg]
[www.omnigeometry.com/downloadable-version-almost-here/index.html]
[www.omnigeometry.com/wp-json/wp/v2/posts/1971.json]
[www.omnigeometry.com/omnigeometry-downloadable-status-update/feed/index.html]
[www.omnigeometry.com/wp-json/oembed/1.0/embedec57.json]
[www.omnigeometry.com/wp-json/oembed/1.0/embed5798]
[www.omnigeometry.com/wp-content/uploads/2019/12/MikkoBiohacker_2.jpg]
[www.omnigeometry.com/wp-content/uploads/2019/12/OmgStandaloneScreenshot_800x-1024x640.jpg]
[www.omnigeometry.com/wp-content/uploads/2019/05/omnigeometry_export41-350x195.png]
[www.omnigeometry.com/omnigeometry-downloadable-status-update/index.html]
[www.omnigeometry.com/wp-json/wp/v2/posts/1937.json]
[www.omnigeometry.com/version-1-3-4/feed/index.html]
[www.omnigeometry.com/wp-json/oembed/1.0/embedba1a.json]
[www.omnigeometry.com/wp-json/oembed/1.0/embed4964]
[www.omnigeometry.com/wp-content/uploads/2019/07/RoboSeedOfLife03.png]
[www.omnigeometry.com/wp-content/uploads/2019/07/Screen-Shot-2019-07-10-at-11.56.56-AM-350x195.jpg]
[www.omnigeometry.com/wp-content/uploads/2019/03/Screen-Shot-2019-03-14-at-11.49.42-AM-350x195.jpg]
[www.omnigeometry.com/wp-content/uploads/2019/01/IMG_20190103_161508_635-350x195.png]
[www.omnigeometry.com/version-1-3-4/index.html]
[www.omnigeometry.com/scale-fade-feature-demonstration/index.html]
[www.omnigeometry.com/golden-ratio-with-omnigeometry/index.html]
[www.omnigeometry.com/using-layers-in-omnigeometry/feed/index.html]
[www.omnigeometry.com/wp-json/wp/v2/posts/1926.json]
[www.omnigeometry.com/wp-json/oembed/1.0/embed1917.json]
[www.omnigeometry.com/wp-json/oembed/1.0/embed1130]
[www.omnigeometry.com/wp-content/uploads/2019/07/Screen-Shot-2019-07-10-at-11.56.56-AM.jpg]
[www.omnigeometry.com/wp-content/uploads/2019/05/ThirdEyeOpenerFlowerExport-350x195.png]
[www.omnigeometry.com/wp-content/plugins/optimizePressPlugin/lib/modules/blog/video/flowplayer/flowplayer.mind727.js]
[www.omnigeometry.com/wp-content/plugins/optimizePressPlugin/lib/js/op-video-all.mind727.js]
[www.omnigeometry.com/using-layers-in-omnigeometry/index.html]
[www.omnigeometry.com/wp-json/wp/v2/posts/1895.json]
[www.omnigeometry.com/version-1-3-3/feed/index.html]
[www.omnigeometry.com/wp-json/oembed/1.0/embedbc60.json]
[www.omnigeometry.com/wp-json/oembed/1.0/embed7e88]
[www.omnigeometry.com/wp-content/uploads/2019/05/ThirdEyeOpenerFlowerExport.png]
[www.omnigeometry.com/wp-content/uploads/2018/11/Screen-Shot-2018-11-21-at-11.46.09-AM-350x195.png]
[www.omnigeometry.com/version-1-3-3/index.html]
[www.omnigeometry.com/version-1-1-1/index.html]
[www.omnigeometry.com/wp-json/wp/v2/posts/1884.json]
[www.omnigeometry.com/development-update-downloadable-version/feed/index.html]
[www.omnigeometry.com/wp-json/oembed/1.0/embed2f30.json]
[www.omnigeometry.com/wp-json/oembed/1.0/embed2e0a]
[www.omnigeometry.com/wp-content/uploads/2019/05/omnigeometry_export41.png]
[www.omnigeometry.com/wp-content/uploads/2019/05/Screenshot-2019-04-22-at-16.16.32-1024x640.png]
[www.omnigeometry.com/development-update-downloadable-version/index.html]
[www.omnigeometry.com/wp-json/wp/v2/posts/1876.json]
[www.omnigeometry.com/version-1-3-2/feed/index.html]
[www.omnigeometry.com/wp-json/oembed/1.0/embed81ef.json]
[www.omnigeometry.com/wp-json/oembed/1.0/embedf3cc]
[www.omnigeometry.com/wp-content/uploads/2019/05/DiamondFase0110.jpg]
[www.omnigeometry.com/version-1-3-2/index.html]
[www.omnigeometry.com/wp-content/uploads/2019/03/Screen-Shot-2019-03-14-at-11.49.42-AM-383x215.jpg]
[www.omnigeometry.com/wp-content/uploads/2019/02/4_5997029656782439604-383x215.jpg]
[www.omnigeometry.com/wp-content/uploads/2019/01/IMG_20190103_161508_635-383x215.png]
[www.omnigeometry.com/wp-content/uploads/2018/11/Star-and-Curves-OminGeometry-383x215.jpg]
[www.omnigeometry.com/wp-content/uploads/2018/11/Screen-Shot-2018-11-21-at-11.46.09-AM-383x215.png]
[www.omnigeometry.com/version-1-3/index.html]
[www.omnigeometry.com/wp-content/uploads/2018/11/2247ee96-d27b-4eb2-85eb-698e85abe3aa-383x215.jpg]
[www.omnigeometry.com/blog/page/3/index.html]
[www.omnigeometry.com/wp-content/plugins/op-builder/public/assets/cache/page-2692acaf.css]
[www.omnigeometry.com/index81d4.html]
[www.omnigeometry.com/wp-content/plugins/op-builder/public/assets/cache/page-26924884.svg]
[www.omnigeometry.com/wp-content/plugins/wpforms-lite/assets/images/times-solid-white.svg]
[www.omnigeometry.com/members-login/0/0.html]
[www.omnigeometry.com/wp-includes/css/buttons.minf049.css]
[www.omnigeometry.com/omnigeometry-members-login/index6601.html]
[www.omnigeometry.com/version-1-2-0-game-changer/index.html]
[www.omnigeometry.com/version-1-1-0-is-out/index.html]
[www.omnigeometry.com/wp-content/plugins/optimizeMember/optimizeMember-o0c20.js]
[www.omnigeometry.com/index0aa2.html]
[www.omnigeometry.com/index46ab.html]
[www.omnigeometry.com/wp-includes/js/mediaelement/mejs-controls.svg]
[www.omnigeometry.com/index3ea6.html]
[www.omnigeometry.com/index28fd.html]
[www.omnigeometry.com/indexd171.html]
[www.omnigeometry.com/indexe600.html]
[www.omnigeometry.com/wp-json/wp/v2/posts/1858.json]
[www.omnigeometry.com/scale-fade-feature-demonstration/feed/index.html]
[www.omnigeometry.com/wp-json/oembed/1.0/embed4715.json]
[www.omnigeometry.com/wp-json/oembed/1.0/embeda97d]
[www.omnigeometry.com/wp-content/uploads/2019/03/Screen-Shot-2019-03-14-at-11.49.42-AM.jpg]
[www.omnigeometry.com/scale-fade-feature-demonstration/index.html]
[www.omnigeometry.com/wp-json/wp/v2/posts/1759.json]
[www.omnigeometry.com/golden-ratio-with-omnigeometry/feed/index.html]
[www.omnigeometry.com/wp-json/oembed/1.0/embed4bbf.json]
[www.omnigeometry.com/wp-json/oembed/1.0/embed818e]
[www.omnigeometry.com/wp-content/uploads/2019/01/IMG_20190103_161508_635.png]
[www.omnigeometry.com/wp-content/uploads/2019/01/IMG_20190103_161508_635-300x271.png]
[www.omnigeometry.com/wp-content/uploads/2019/01/IMG_20190103_161514_520-300x271.png]
[www.omnigeometry.com/wp-content/uploads/2019/01/IMG_20190103_161510_824-1024x925.png]
[www.omnigeometry.com/golden-ratio-with-omnigeometry/index.html]
[www.omnigeometry.com/index913e.html]
[www.omnigeometry.com/index785a.html]
[www.omnigeometry.com/wp-json/wp/v2/posts/1741.json]
[www.omnigeometry.com/version-1-1-1/feed/index.html]
[www.omnigeometry.com/wp-json/oembed/1.0/embed7ead.json]
[www.omnigeometry.com/wp-json/oembed/1.0/embedcc75]
[www.omnigeometry.com/wp-content/uploads/2018/11/Screen-Shot-2018-11-21-at-11.46.09-AM.png]
[www.omnigeometry.com/version-1-1-1/index.html]
[www.omnigeometry.com/index628b.html]
[www.omnigeometry.com/index26b6.html]
[www.omnigeometry.com/wp-json/wp/v2/posts/1840.json]
[www.omnigeometry.com/version-1-3/feed/index.html]
[www.omnigeometry.com/wp-json/oembed/1.0/embed23b1.json]
[www.omnigeometry.com/wp-json/oembed/1.0/embedf87a]
[www.omnigeometry.com/wp-content/uploads/2019/02/4_5997029656782439604.jpg]
[www.omnigeometry.com/version-1-3/index.html]
[www.omnigeometry.com/wp-json/wp/v2/posts/1746.json]
[www.omnigeometry.com/version-1-2-0-game-changer/feed/index.html]
[www.omnigeometry.com/wp-json/oembed/1.0/embeda048.json]
[www.omnigeometry.com/wp-json/oembed/1.0/embed9f9d]
[www.omnigeometry.com/wp-content/uploads/2018/11/Star-and-Curves-OminGeometry.jpg]
[www.omnigeometry.com/version-1-2-0-game-changer/index.html]
[www.omnigeometry.com/wp-json/wp/v2/posts/1737.json]
[www.omnigeometry.com/version-1-1-0-is-out/feed/index.html]
[www.omnigeometry.com/wp-json/oembed/1.0/embedfded.json]
[www.omnigeometry.com/wp-json/oembed/1.0/embedcb64]
[www.omnigeometry.com/wp-content/uploads/2018/11/2247ee96-d27b-4eb2-85eb-698e85abe3aa.jpg]
[www.omnigeometry.com/version-1-1-0-is-out/index.html]
[www.omnigeometry.com/index1c24.html]
[www.omnigeometry.com/indexe41a.html]
[www.omnigeometry.com/indexef83.html]
[www.omnigeometry.com/index1a1d.html]
[www.omnigeometry.com/index807c.html]
[www.omnigeometry.com/indexb463.html]
